Microchip MPLAB XC8 Compiler V1.45 ()

Linker command line:

-W-3 --edf=C:\Program Files (x86)\Microchip\xc8\v1.45\dat\en_msgs.txt -cs \
  -h+dist/default/production\LoRa_2019.X.production.sym \
  --cmf=dist/default/production\LoRa_2019.X.production.cmf -z -Q18LF46K22 \
  -oC:\Users\kwisn\AppData\Local\Temp\sov8.2 \
  -Mdist/default/production/LoRa_2019.X.production.map -E1 -ver=XC8 \
  --acfsm=1493 -ASTACK=05BEh-0f37h -pstack=STACK -ACODE=00h-0FFFFh \
  -ACONST=00h-0FFFFh -ASMALLCONST=01000h-010FFhx240 \
  -AMEDIUMCONST=01000h-0FFFFh -ACOMRAM=01h-05Fh -AABS1=00h-0F37h \
  -ABIGRAM=01h-0F37h -ARAM=060h-0FFh,0100h-01FFhx14,0F00h-0F37h \
  -ABANK0=060h-0FFh -ABANK1=0100h-01FFh -ABANK2=0200h-02FFh \
  -ABANK3=0300h-03FFh -ABANK4=0400h-04FFh -ABANK5=0500h-05FFh \
  -ABANK6=0600h-06FFh -ABANK7=0700h-07FFh -ABANK8=0800h-08FFh \
  -ABANK9=0900h-09FFh -ABANK10=0A00h-0AFFh -ABANK11=0B00h-0BFFh \
  -ABANK12=0C00h-0CFFh -ABANK13=0D00h-0DFFh -ABANK14=0E00h-0EFFh \
  -ABANK15=0F00h-0F37h -ASFR=0F38h-0F5Fh,0F60h-0FFFh \
  -preset_vec=00h,intcode=08h,intcodelo,powerup,init -pramtop=01000h \
  -psmallconst=SMALLCONST -pmediumconst=MEDIUMCONST -pconst=CONST \
  -AFARRAM=00h-00h -ACONFIG=0300000h-030000Dh -pconfig=CONFIG \
  -AIDLOC=0200000h-0200007h -pidloc=IDLOC -AEEDATA=0F00000h-0F003FFh \
  -peeprom_data=EEDATA \
  -prdata=COMRAM,nvrram=COMRAM,nvbit=COMRAM,rbss=COMRAM,rbit=COMRAM \
  -pfarbss=FARRAM,fardata=FARRAM,nvFARRAM=FARRAM \
  -pintsave_regs=BIGRAM,bigbss=BIGRAM,bigdata=BIGRAM -pbss=RAM \
  -pidata=CODE,irdata=CODE,ibigdata=CODE,ifardata=CODE -prparam=COMRAM \
  C:\Users\kwisn\AppData\Local\Temp\sov8.obj \
  dist/default/production\LoRa_2019.X.production.obj 

Object code version is 3.11

Machine type is 18LF46K22

Call graph: (short form)




                Name                               Link     Load   Length Selector   Space Scale
C:\Users\kwisn\AppData\Local\Temp\sov8.obj
                stack                               5BE      5BE      97A      5BE       2
                init                                12C      12C        8        4       0
                reset_vec                             0        0        4        0       0
                idloc                            200000   200000        8   200000       0
                config                           300000   300000        E   300000       0
dist/default/production\LoRa_2019.X.production.obj
                intcode                               8        8      124        4       0
                temp                                 48       48        C        1       1
                mediumconst                        FE62     FE62      19E     7F31       0
                text47                              8EA      8EA        2        4       0
                text46                              8DA      8DA        4        4       0
                text45                              6DE      6DE       32        4       0
                text44                              8B8      8B8        8        4       0
                text43                              8E8      8E8        2        4       0
                text42                              8D6      8D6        4        4       0
                text41                              6AC      6AC       32        4       0
                text40                              8B0      8B0        8        4       0
                text39                              8E6      8E6        2        4       0
                text38                              8D2      8D2        4        4       0
                text37                              67A      67A       32        4       0
                text36                              8A8      8A8        8        4       0
                text35                              8E4      8E4        2        4       0
                text34                              8CE      8CE        4        4       0
                text33                              648      648       32        4       0
                text32                              7CC      7CC       1A        4       0
                text31                              768      768       24        4       0
                text30                              134      134      180        4       0
                text29                              2B4      2B4      13A        4       0
                text28                              73C      73C       2C        4       0
                text27                              4E8      4E8       5E        4       0
                text26                              484      484       64        4       0
                text25                              8E2      8E2        2        4       0
                text24                              616      616       32        4       0
                text23                              5D8      5D8       3E        4       0
                text21                              89E      89E        A        4       0
                text20                              894      894        A        4       0
                text19                              88A      88A        A        4       0
                text18                              59A      59A       3E        4       0
                text17                              8CA      8CA        4        4       0
                text16                              84C      84C       10        4       0
                text15                              83C      83C       10        4       0
                text14                              880      880        A        4       0
                text13                              82C      82C       10        4       0
                text12                              8E0      8E0        2        4       0
                text11                              8DE      8DE        2        4       0
                text10                              81C      81C       10        4       0
                text9                               8C0      8C0        6        4       0
                text8                               876      876        A        4       0
                text7                               80C      80C       10        4       0
                text6                               78C      78C       22        4       0
                text5                               85C      85C        E        4       0
                text4                               546      546       54        4       0
                text3                               7FA      7FA       12        4       0
                text2                               710      710       2C        4       0
                text1                               7AE      7AE       1E        4       0
                text0                               86A      86A        C        4       0
                cstackCOMRAM                          1        1       3B        1       1
                cstackBANK0                          DA       DA        2       60       1
                bssBIGRAM                           3A0      3A0      21E      3A0       1
                bssBANK3                            300      300       A0      300       1
                bssBANK2                            200      200       E0      200       1
                bssBANK1                            100      100       F5      100       1
                dataBANK0                            BA       BA       14       60       1
                bssBANK0                             60       60       5A       60       1
                dataCOMRAM                           54       54        4        1       1
                bssCOMRAM                            3C       3C        C        1       1
                cinit                               3EE      3EE       96        4       0
                nvBANK0                              CE       CE        C       60       1
                idataBANK0                          7E6      7E6       14        4       0
                idataCOMRAM                         8C6      8C6        4        4       0

TOTAL           Name                               Link     Load   Length     Space
        CLASS   STACK          
                stack                               5BE      5BE      97A         2

        CLASS   CODE           
                intcode                               8        8      124         0
                init                                12C      12C        8         0
                reset_vec                             0        0        4         0
                text47                              8EA      8EA        2         0
                text46                              8DA      8DA        4         0
                text45                              6DE      6DE       32         0
                text44                              8B8      8B8        8         0
                text43                              8E8      8E8        2         0
                text42                              8D6      8D6        4         0
                text41                              6AC      6AC       32         0
                text40                              8B0      8B0        8         0
                text39                              8E6      8E6        2         0
                text38                              8D2      8D2        4         0
                text37                              67A      67A       32         0
                text36                              8A8      8A8        8         0
                text35                              8E4      8E4        2         0
                text34                              8CE      8CE        4         0
                text33                              648      648       32         0
                text32                              7CC      7CC       1A         0
                text31                              768      768       24         0
                text30                              134      134      180         0
                text29                              2B4      2B4      13A         0
                text28                              73C      73C       2C         0
                text27                              4E8      4E8       5E         0
                text26                              484      484       64         0
                text25                              8E2      8E2        2         0
                text24                              616      616       32         0
                text23                              5D8      5D8       3E         0
                text21                              89E      89E        A         0
                text20                              894      894        A         0
                text19                              88A      88A        A         0
                text18                              59A      59A       3E         0
                text17                              8CA      8CA        4         0
                text16                              84C      84C       10         0
                text15                              83C      83C       10         0
                text14                              880      880        A         0
                text13                              82C      82C       10         0
                text12                              8E0      8E0        2         0
                text11                              8DE      8DE        2         0
                text10                              81C      81C       10         0
                text9                               8C0      8C0        6         0
                text8                               876      876        A         0
                text7                               80C      80C       10         0
                text6                               78C      78C       22         0
                text5                               85C      85C        E         0
                text4                               546      546       54         0
                text3                               7FA      7FA       12         0
                text2                               710      710       2C         0
                text1                               7AE      7AE       1E         0
                text0                               86A      86A        C         0
                cinit                               3EE      3EE       96         0
                idataBANK0                          7E6      7E6       14         0
                idataCOMRAM                         8C6      8C6        4         0

        CLASS   CONST          

        CLASS   SMALLCONST     

        CLASS   MEDIUMCONST    
                mediumconst                        FE62     FE62      19E         0

        CLASS   COMRAM         
                temp                                 48       48        C         1
                cstackCOMRAM                          1        1       3B         1
                dataCOMRAM                           54       54        4         1
                bssCOMRAM                            3C       3C        C         1

        CLASS   ABS1           

        CLASS   BIGRAM         
                bssBIGRAM                           3A0      3A0      21E         1

        CLASS   RAM            

        CLASS   BANK0          
                cstackBANK0                          DA       DA        2         1
                dataBANK0                            BA       BA       14         1
                bssBANK0                             60       60       5A         1
                nvBANK0                              CE       CE        C         1

        CLASS   BANK1          
                bssBANK1                            100      100       F5         1

        CLASS   BANK2          
                bssBANK2                            200      200       E0         1

        CLASS   BANK3          
                bssBANK3                            300      300       A0         1

        CLASS   BANK4          

        CLASS   BANK5          

        CLASS   BANK6          

        CLASS   BANK7          

        CLASS   BANK8          

        CLASS   BANK9          

        CLASS   BANK10         

        CLASS   BANK11         

        CLASS   BANK12         

        CLASS   BANK13         

        CLASS   BANK14         

        CLASS   BANK15         

        CLASS   SFR            

        CLASS   FARRAM         

        CLASS   CONFIG         
                config                           300000   300000        E         0

        CLASS   IDLOC          
                idloc                            200000   200000        8         0

        CLASS   EEDATA         



SEGMENTS        Name                           Load    Length   Top    Selector   Space  Class

                reset_vec                      000000  000004  000004         0       0  CODE    
                cstackCOMRAM                   000001  000057  000058         1       1  COMRAM  
                intcode                        000008  0008E4  0008EC         4       0  CODE    
                bssBANK0                       000060  00007C  0000DC        60       1  BANK0   
                bssBANK1                       000100  0000F5  0001F5       100       1  BANK1   
                bssBANK2                       000200  0000E0  0002E0       200       1  BANK2   
                bssBANK3                       000300  0000A0  0003A0       300       1  BANK3   
                bssBIGRAM                      0003A0  00021E  0005BE       3A0       1  BIGRAM  
                stack                          0005BE  00097A  000F38       5BE       2  STACK   
                mediumconst                    00FE62  00019E  010000      7F31       0  MEDIUMCO
                idloc                          200000  000008  200008    200000       0  IDLOC   
                config                         300000  00000E  30000E    300000       0  CONFIG  


UNUSED ADDRESS RANGES

        Name                Unused          Largest block    Delta
        BANK0            0000DC-0000FF               24
        BANK1            0001F5-0001FF                B
        BANK10           000A00-000AFF              100
        BANK11           000B00-000BFF              100
        BANK12           000C00-000CFF              100
        BANK13           000D00-000DFF              100
        BANK14           000E00-000EFF              100
        BANK15           000F00-000F37               38
        BANK2            0002E0-0002FF               20
        BANK5            0005BE-0005FF               42
        BANK6            000600-0006FF              100
        BANK7            000700-0007FF              100
        BANK8            000800-0008FF              100
        BANK9            000900-0009FF              100
        BIGRAM           000058-00005F                8
                         0000DC-0000FF               24
                         0001F5-0001FF                B
                         0002E0-0002FF               20
                         0005BE-000F37              97A
        CODE             000004-000007                4
                         0008EC-00FE61             F576
        COMRAM           000058-00005F                8
        CONST            000004-000007                4
                         0008EC-00FE61             F576
        EEDATA           F00000-F003FF              400
        MEDIUMCONST      001000-00FE61             EE62
        RAM              0000DC-0000FF               24
                         0001F5-0001FF                B
                         0002E0-0002FF               20
                         0005BE-000F37              100
        SFR              000F38-000FFF               28
        SMALLCONST       001000-00FE61              100

                                  Symbol Table

?_SwTimersInterrupt                        cstackCOMRAM 000021
?_TMR1_ReadTimer                           cstackCOMRAM 000001
?_TMR_GetDeltaTime                         cstackCOMRAM 000009
?_TMR_SwapTimer                            cstackCOMRAM 000009
GenerateSubkey@F7103                       dataBANK0    0000BA
INT0_SetInterruptHandler@InterruptHandler  cstackBANK0  0000DA
INT1_SetInterruptHandler@InterruptHandler  cstackBANK0  0000DA
INT2_SetInterruptHandler@InterruptHandler  cstackBANK0  0000DA
IOCB4_SetInterruptHandler@InterruptHandler cstackBANK0  0000DA
SwTimersInterrupt@i                        cstackCOMRAM 000031
SwTimersInterrupt@ticksToNextTimerEvent    cstackCOMRAM 00002D
SwTimersInterrupt@timeElapsed              cstackCOMRAM 000029
TMR1_ISR@CountCallBack                     bssBANK0     00006C
TMR1_ReadTimer@readVal                     cstackCOMRAM 000005
TMR1_ReadTimer@readValHigh                 cstackCOMRAM 000007
TMR1_ReadTimer@readValLow                  cstackCOMRAM 000008
TMR1_SetInterruptHandler@InterruptHandler  cstackBANK0  0000DA
TMR1_WriteTimer@timerVal                   cstackCOMRAM 000001
TMR_GetDeltaTime@retVal                    bssBANK0     000060
TMR_GetDeltaTime@tmrVal                    bssBANK0     000072
TMR_SwapTimer@oldVal                       bssBANK0     000070
TMR_SwapTimer@retVal                       bssBANK0     00006E
TMR_SwapTimer@timerVal                     cstackCOMRAM 000009
_ANSELA                                    (abs)        000F38
_ANSELB                                    (abs)        000F39
_ANSELC                                    (abs)        000F3A
_ANSELD                                    (abs)        000F3B
_ANSELE                                    (abs)        000F3C
_AckRetransmissionCallback                 (abs)        000000
_AutomaticReplyCallback                    (abs)        000000
_Channels                                  bssBANK2     000200
_DIO0_ISR_Lora                             text42       0008D6
_DIO0_ISR_Lora_Init                        text16       00084C
_DIO1_ISR_Lora                             text38       0008D2
_DIO1_ISR_Lora_Init                        text15       00083C
_DIO2_ISR_Lora                             text34       0008CE
_DIO2_ISR_Lora_Init                        text13       00082C
_DIO3_ISR_Lora_Init                        text12       0008E0
_DIO4_ISR_Lora_Init                        text11       0008DE
_DIO5_ISR_Lora                             text46       0008DA
_DIO5_ISR_Lora_Init                        text10       00081C
_DefaultChannels433                        mediumconst  00FFA8
_DefaultChannels868                        mediumconst  00FFD2
_DutyCycleCallback                         (abs)        000000
_EXT_INT_Initialize                        text18       00059A
_FskSyncWordBuff                           mediumconst  00FFFC
_INT0_CallBack                             text45       0006DE
_INT0_DefaultInterruptHandler              text47       0008EA
_INT0_ISR                                  text44       0008B8
_INT0_InterruptHandler                     nvBANK0      0000D6
_INT0_SetInterruptHandler                  text21       00089E
_INT1_CallBack                             text41       0006AC
_INT1_DefaultInterruptHandler              text43       0008E8
_INT1_ISR                                  text40       0008B0
_INT1_InterruptHandler                     nvBANK0      0000D4
_INT1_SetInterruptHandler                  text20       000894
_INT2_CallBack                             text37       00067A
_INT2_DefaultInterruptHandler              text39       0008E6
_INT2_ISR                                  text36       0008A8
_INT2_InterruptHandler                     nvBANK0      0000D2
_INT2_SetInterruptHandler                  text19       00088A
_INTCON2bits                               (abs)        000FF1
_INTCON3bits                               (abs)        000FF0
_INTCONbits                                (abs)        000FF2
_INTERRUPT_Initialize                      text17       0008CA
_INTERRUPT_InterruptManager                intcode      000008
_IOCB4_DefaultInterruptHandler             text35       0008E4
_IOCB4_ISR                                 text33       000648
_IOCB4_InterruptHandler                    nvBANK0      0000D8
_IOCB4_SetInterruptHandler                 text14       000880
_IOCBbits                                  (abs)        000F62
_LATA                                      (abs)        000F89
_LATB                                      (abs)        000F8A
_LATC                                      (abs)        000F8B
_LATC2                                     (abs)        007C5A
_LATD                                      (abs)        000F8C
_LATE                                      (abs)        000F8D
_LORAWAN_LinkCheckCallback                 (abs)        000000
_LORAWAN_PlatformInit                      text6        00078C
_LORAWAN_ReceiveWindow1Callback            (abs)        000000
_LORAWAN_ReceiveWindow2Callback            (abs)        000000
_OSCCON                                    (abs)        000FD3
_OSCCON2                                   (abs)        000FD2
_OSCILLATOR_Initialize                     text5        00085C
_OSCTUNE                                   (abs)        000F9B
_PIE1bits                                  (abs)        000F9D
_PIN_MANAGER_IOC                           text32       0007CC
_PIN_MANAGER_Initialize                    text4        000546
_PIR1bits                                  (abs)        000F9E
_PIR3bits                                  (abs)        000FA4
_PORTBbits                                 (abs)        000F81
_RADIO_RxFSKTimeout                        (abs)        000000
_RADIO_WatchdogTimeout                     (abs)        000000
_RCONbits                                  (abs)        000FD0
_RadioConfiguration                        bssBANK0     000074
_SPI2_Initialize                           text3        0007FA
_SSP2ADD                                   (abs)        000F6E
_SSP2BUF                                   (abs)        000F6F
_SSP2CON1                                  (abs)        000F6C
_SSP2CON1bits                              (abs)        000F6C
_SSP2CON2                                  (abs)        000F6B
_SSP2STAT                                  (abs)        000F6D
_STable                                    mediumconst  00FE63
_SYSTEM_Initialize                         text1        0007AE
_SwTimersInterrupt                         text29       0002B4
_SystemTimerInit                           text9        0008C0
_T1CON                                     (abs)        000FCD
_T1CONbits                                 (abs)        000FCD
_T1GCON                                    (abs)        000FCC
_T1GCONbits                                (abs)        000FCC
_TMR1                                      (abs)        000FCE
_TMR1H                                     (abs)        000FCF
_TMR1L                                     (abs)        000FCE
_TMR1_CallBack                             text24       000616
_TMR1_DefaultInterruptHandler              text25       0008E2
_TMR1_ISR                                  text23       0005D8
_TMR1_Initialize                           text2        000710
_TMR1_InterruptHandler                     nvBANK0      0000CE
_TMR1_ReadTimer                            text31       000768
_TMR1_SetInterruptHandler                  text8        000876
_TMR1_WriteTimer                           text28       00073C
_TMR_GetDeltaTime                          text30       000134
_TMR_ISR_Lora_Init                         text7        00080C
_TMR_ISR_lora                              text26       000484
_TMR_SwapTimer                             text27       0004E8
_TRISA                                     (abs)        000F92
_TRISB                                     (abs)        000F93
_TRISC                                     (abs)        000F94
_TRISC2                                    (abs)        007CA2
_TRISD                                     (abs)        000F95
_TRISDbits                                 (abs)        000F95
_TRISE                                     (abs)        000F96
_UnconfirmedTransmissionCallback           (abs)        000000
_UpdateJoinSuccessState                    (abs)        000000
_WPUB                                      (abs)        000F61
__CFG_BOREN$SBORDIS                        (abs)        000000
__CFG_BORV$190                             (abs)        000000
__CFG_CCP2MX$PORTC1                        (abs)        000000
__CFG_CCP3MX$PORTB5                        (abs)        000000
__CFG_CP0$OFF                              (abs)        000000
__CFG_CP1$OFF                              (abs)        000000
__CFG_CP2$OFF                              (abs)        000000
__CFG_CP3$OFF                              (abs)        000000
__CFG_CPB$OFF                              (abs)        000000
__CFG_CPD$OFF                              (abs)        000000
__CFG_DEBUG$OFF                            (abs)        000000
__CFG_EBTR0$OFF                            (abs)        000000
__CFG_EBTR1$OFF                            (abs)        000000
__CFG_EBTR2$OFF                            (abs)        000000
__CFG_EBTR3$OFF                            (abs)        000000
__CFG_EBTRB$OFF                            (abs)        000000
__CFG_FCMEN$OFF                            (abs)        000000
__CFG_FOSC$INTIO67                         (abs)        000000
__CFG_HFOFST$ON                            (abs)        000000
__CFG_IESO$OFF                             (abs)        000000
__CFG_LVP$ON                               (abs)        000000
__CFG_MCLRE$EXTMCLR                        (abs)        000000
__CFG_P2BMX$PORTD2                         (abs)        000000
__CFG_PBADEN$ON                            (abs)        000000
__CFG_PLLCFG$OFF                           (abs)        000000
__CFG_PRICLKEN$ON                          (abs)        000000
__CFG_PWRTEN$OFF                           (abs)        000000
__CFG_STVREN$ON                            (abs)        000000
__CFG_T3CMX$PORTC0                         (abs)        000000
__CFG_WDTEN$OFF                            (abs)        000000
__CFG_WDTPS$32768                          (abs)        000000
__CFG_WRT0$OFF                             (abs)        000000
__CFG_WRT1$OFF                             (abs)        000000
__CFG_WRT2$OFF                             (abs)        000000
__CFG_WRT3$OFF                             (abs)        000000
__CFG_WRTB$OFF                             (abs)        000000
__CFG_WRTC$OFF                             (abs)        000000
__CFG_WRTD$OFF                             (abs)        000000
__CFG_XINST$OFF                            (abs)        000000
__HRAM                                     (abs)        000000
__Habs1                                    abs1         000000
__Hbank0                                   bank0        000000
__Hbank1                                   bank1        000000
__Hbank10                                  bank10       000000
__Hbank11                                  bank11       000000
__Hbank12                                  bank12       000000
__Hbank13                                  bank13       000000
__Hbank14                                  bank14       000000
__Hbank15                                  bank15       000000
__Hbank2                                   bank2        000000
__Hbank3                                   bank3        000000
__Hbank4                                   bank4        000000
__Hbank5                                   bank5        000000
__Hbank6                                   bank6        000000
__Hbank7                                   bank7        000000
__Hbank8                                   bank8        000000
__Hbank9                                   bank9        000000
__Hbigbss                                  bigbss       000000
__Hbigdata                                 bigdata      000000
__Hbigram                                  bigram       000000
__Hbss                                     bss          000000
__HbssBANK0                                bssBANK0     000000
__HbssBANK1                                bssBANK1     000000
__HbssBANK2                                bssBANK2     000000
__HbssBANK3                                bssBANK3     000000
__HbssBIGRAM                               bssBIGRAM    000000
__HbssCOMRAM                               bssCOMRAM    000000
__Hcinit                                   cinit        000000
__Hclrtext                                 clrtext      000000
__Hcomram                                  comram       000000
__Hconfig                                  config       30000E
__Hconst                                   const        000000
__HcstackBANK0                             cstackBANK0  000000
__HcstackCOMRAM                            cstackCOMRAM 000000
__Hdata                                    data         000000
__HdataBANK0                               dataBANK0    000000
__HdataCOMRAM                              dataCOMRAM   000000
__Heeprom_data                             eeprom_data  000000
__Hfarbss                                  farbss       000000
__Hfardata                                 fardata      000000
__Hibigdata                                ibigdata     000000
__Hidata                                   idata        000000
__HidataBANK0                              idataBANK0   000000
__HidataCOMRAM                             idataCOMRAM  000000
__Hidloc                                   idloc        200008
__Hifardata                                ifardata     000000
__Hinit                                    init         000134
__Hintcode                                 intcode      00012C
__Hintcode_body                            intcode_body 000000
__Hintcodelo                               intcodelo    00012C
__Hintentry                                intentry     000000
__Hintret                                  intret       000000
__Hintsave_regs                            intsave_regs 000000
__Hirdata                                  irdata       000000
__Hmediumconst                             mediumconst  010000
__HnvBANK0                                 nvBANK0      000000
__HnvFARRAM                                nvFARRAM     000000
__Hnvbit                                   nvbit        000000
__Hnvrram                                  nvrram       000000
__Hparam                                   rparam       000000
__Hpowerup                                 powerup      00012C
__Hram                                     ram          000000
__Hramtop                                  ramtop       001000
__Hrbit                                    rbit         000000
__Hrbss                                    rbss         000000
__Hrdata                                   rdata        000000
__Hreset_vec                               reset_vec    000004
__Hrparam                                  rparam       000000
__Hsfr                                     sfr          000000
__Hsmallconst                              smallconst   000000
__Hspace_0                                 (abs)        30000E
__Hspace_1                                 (abs)        0005BE
__Hspace_2                                 (abs)        000F38
__Hstack                                   stack        000F38
__Hstruct                                  struct       000000
__Htemp                                    temp         000054
__Htext                                    text         000000
__Htext0                                   text0        000000
__Htext1                                   text1        000000
__Htext10                                  text10       000000
__Htext11                                  text11       000000
__Htext12                                  text12       000000
__Htext13                                  text13       000000
__Htext14                                  text14       000000
__Htext15                                  text15       000000
__Htext16                                  text16       000000
__Htext17                                  text17       000000
__Htext18                                  text18       000000
__Htext19                                  text19       000000
__Htext2                                   text2        000000
__Htext20                                  text20       000000
__Htext21                                  text21       000000
__Htext23                                  text23       000000
__Htext24                                  text24       000000
__Htext25                                  text25       000000
__Htext26                                  text26       000000
__Htext27                                  text27       000000
__Htext28                                  text28       000000
__Htext29                                  text29       000000
__Htext3                                   text3        000000
__Htext30                                  text30       000000
__Htext31                                  text31       000000
__Htext32                                  text32       000000
__Htext33                                  text33       000000
__Htext34                                  text34       000000
__Htext35                                  text35       000000
__Htext36                                  text36       000000
__Htext37                                  text37       000000
__Htext38                                  text38       000000
__Htext39                                  text39       000000
__Htext4                                   text4        000000
__Htext40                                  text40       000000
__Htext41                                  text41       000000
__Htext42                                  text42       000000
__Htext43                                  text43       000000
__Htext44                                  text44       000000
__Htext45                                  text45       000000
__Htext46                                  text46       000000
__Htext47                                  text47       000000
__Htext48                                  text48       000000
__Htext5                                   text5        000000
__Htext6                                   text6        000000
__Htext7                                   text7        000000
__Htext8                                   text8        000000
__Htext9                                   text9        000000
__LRAM                                     (abs)        000001
__Labs1                                    abs1         000000
__Lbank0                                   bank0        000000
__Lbank1                                   bank1        000000
__Lbank10                                  bank10       000000
__Lbank11                                  bank11       000000
__Lbank12                                  bank12       000000
__Lbank13                                  bank13       000000
__Lbank14                                  bank14       000000
__Lbank15                                  bank15       000000
__Lbank2                                   bank2        000000
__Lbank3                                   bank3        000000
__Lbank4                                   bank4        000000
__Lbank5                                   bank5        000000
__Lbank6                                   bank6        000000
__Lbank7                                   bank7        000000
__Lbank8                                   bank8        000000
__Lbank9                                   bank9        000000
__Lbigbss                                  bigbss       000000
__Lbigdata                                 bigdata      000000
__Lbigram                                  bigram       000000
__Lbss                                     bss          000000
__LbssBANK0                                bssBANK0     000000
__LbssBANK1                                bssBANK1     000000
__LbssBANK2                                bssBANK2     000000
__LbssBANK3                                bssBANK3     000000
__LbssBIGRAM                               bssBIGRAM    000000
__LbssCOMRAM                               bssCOMRAM    000000
__Lcinit                                   cinit        000000
__Lclrtext                                 clrtext      000000
__Lcomram                                  comram       000000
__Lconfig                                  config       300000
__Lconst                                   const        000000
__LcstackBANK0                             cstackBANK0  000000
__LcstackCOMRAM                            cstackCOMRAM 000000
__Ldata                                    data         000000
__LdataBANK0                               dataBANK0    000000
__LdataCOMRAM                              dataCOMRAM   000000
__Leeprom_data                             eeprom_data  000000
__Lfarbss                                  farbss       000000
__Lfardata                                 fardata      000000
__Libigdata                                ibigdata     000000
__Lidata                                   idata        000000
__LidataBANK0                              idataBANK0   000000
__LidataCOMRAM                             idataCOMRAM  000000
__Lidloc                                   idloc        200000
__Lifardata                                ifardata     000000
__Linit                                    init         00012C
__Lintcode                                 intcode      000008
__Lintcode_body                            intcode_body 000000
__Lintcodelo                               intcodelo    00012C
__Lintentry                                intentry     000000
__Lintret                                  intret       000000
__Lintsave_regs                            intsave_regs 000000
__Lirdata                                  irdata       000000
__Lmediumconst                             mediumconst  00FE62
__LnvBANK0                                 nvBANK0      000000
__LnvFARRAM                                nvFARRAM     000000
__Lnvbit                                   nvbit        000000
__Lnvrram                                  nvrram       000000
__Lparam                                   rparam       000000
__Lpowerup                                 powerup      00012C
__Lram                                     ram          000000
__Lramtop                                  ramtop       001000
__Lrbit                                    rbit         000000
__Lrbss                                    rbss         000000
__Lrdata                                   rdata        000000
__Lreset_vec                               reset_vec    000000
__Lrparam                                  rparam       000000
__Lsfr                                     sfr          000000
__Lsmallconst                              smallconst   000000
__Lspace_0                                 (abs)        000000
__Lspace_1                                 (abs)        000000
__Lspace_2                                 (abs)        000000
__Lstack                                   stack        0005BE
__Lstruct                                  struct       000000
__Ltemp                                    temp         000048
__Ltext                                    text         000000
__Ltext0                                   text0        000000
__Ltext1                                   text1        000000
__Ltext10                                  text10       000000
__Ltext11                                  text11       000000
__Ltext12                                  text12       000000
__Ltext13                                  text13       000000
__Ltext14                                  text14       000000
__Ltext15                                  text15       000000
__Ltext16                                  text16       000000
__Ltext17                                  text17       000000
__Ltext18                                  text18       000000
__Ltext19                                  text19       000000
__Ltext2                                   text2        000000
__Ltext20                                  text20       000000
__Ltext21                                  text21       000000
__Ltext23                                  text23       000000
__Ltext24                                  text24       000000
__Ltext25                                  text25       000000
__Ltext26                                  text26       000000
__Ltext27                                  text27       000000
__Ltext28                                  text28       000000
__Ltext29                                  text29       000000
__Ltext3                                   text3        000000
__Ltext30                                  text30       000000
__Ltext31                                  text31       000000
__Ltext32                                  text32       000000
__Ltext33                                  text33       000000
__Ltext34                                  text34       000000
__Ltext35                                  text35       000000
__Ltext36                                  text36       000000
__Ltext37                                  text37       000000
__Ltext38                                  text38       000000
__Ltext39                                  text39       000000
__Ltext4                                   text4        000000
__Ltext40                                  text40       000000
__Ltext41                                  text41       000000
__Ltext42                                  text42       000000
__Ltext43                                  text43       000000
__Ltext44                                  text44       000000
__Ltext45                                  text45       000000
__Ltext46                                  text46       000000
__Ltext47                                  text47       000000
__Ltext48                                  text48       000000
__Ltext5                                   text5        000000
__Ltext6                                   text6        000000
__Ltext7                                   text7        000000
__Ltext8                                   text8        000000
__Ltext9                                   text9        000000
__S0                                       (abs)        30000E
__S1                                       (abs)        0005BE
__S2                                       (abs)        000F38
___inthi_sp                                stack        0008E8
___intlo_sp                                stack        000C10
___param_bank                              (abs)        000000
___rparam_used                             (abs)        000001
___sp                                      stack        0005BE
__accesstop                                (abs)        000060
__activetblptr                             (abs)        000003
__end_of_DIO0_ISR_Lora                     text42       0008DA
__end_of_DIO0_ISR_Lora_Init                text16       00085C
__end_of_DIO1_ISR_Lora                     text38       0008D6
__end_of_DIO1_ISR_Lora_Init                text15       00084C
__end_of_DIO2_ISR_Lora                     text34       0008D2
__end_of_DIO2_ISR_Lora_Init                text13       00083C
__end_of_DIO3_ISR_Lora_Init                text12       0008E2
__end_of_DIO4_ISR_Lora_Init                text11       0008E0
__end_of_DIO5_ISR_Lora                     text46       0008DE
__end_of_DIO5_ISR_Lora_Init                text10       00082C
__end_of_DefaultChannels433                mediumconst  00FFD2
__end_of_DefaultChannels868                mediumconst  00FFFC
__end_of_EXT_INT_Initialize                text18       0005D8
__end_of_FskSyncWordBuff                   mediumconst  00FFFF
__end_of_INT0_CallBack                     text45       000710
__end_of_INT0_DefaultInterruptHandler      text47       0008EC
__end_of_INT0_ISR                          text44       0008C0
__end_of_INT0_SetInterruptHandler          text21       0008A8
__end_of_INT1_CallBack                     text41       0006DE
__end_of_INT1_DefaultInterruptHandler      text43       0008EA
__end_of_INT1_ISR                          text40       0008B8
__end_of_INT1_SetInterruptHandler          text20       00089E
__end_of_INT2_CallBack                     text37       0006AC
__end_of_INT2_DefaultInterruptHandler      text39       0008E8
__end_of_INT2_ISR                          text36       0008B0
__end_of_INT2_SetInterruptHandler          text19       000894
__end_of_INTERRUPT_Initialize              text17       0008CE
__end_of_INTERRUPT_InterruptManager        intcode      00012C
__end_of_IOCB4_DefaultInterruptHandler     text35       0008E6
__end_of_IOCB4_ISR                         text33       00067A
__end_of_IOCB4_SetInterruptHandler         text14       00088A
__end_of_LORAWAN_PlatformInit              text6        0007AE
__end_of_OSCILLATOR_Initialize             text5        00086A
__end_of_PIN_MANAGER_IOC                   text32       0007E6
__end_of_PIN_MANAGER_Initialize            text4        00059A
__end_of_SPI2_Initialize                   text3        00080C
__end_of_STable                            mediumconst  00FF63
__end_of_SYSTEM_Initialize                 text1        0007CC
__end_of_SwTimersInterrupt                 text29       0003EE
__end_of_SystemTimerInit                   text9        0008C6
__end_of_TMR1_CallBack                     text24       000648
__end_of_TMR1_DefaultInterruptHandler      text25       0008E4
__end_of_TMR1_ISR                          text23       000616
__end_of_TMR1_Initialize                   text2        00073C
__end_of_TMR1_ReadTimer                    text31       00078C
__end_of_TMR1_SetInterruptHandler          text8        000880
__end_of_TMR1_WriteTimer                   text28       000768
__end_of_TMR_GetDeltaTime                  text30       0002B4
__end_of_TMR_ISR_Lora_Init                 text7        00081C
__end_of_TMR_ISR_lora                      text26       0004E8
__end_of_TMR_SwapTimer                     text27       000546
__end_of__initialization                   cinit        00047E
__end_of_bandwidth                         mediumconst  00FF91
__end_of_macEndDevCmdReplyLen              mediumconst  00FF8A
__end_of_main                              text0        000876
__end_of_maxPayloadSize                    mediumconst  00FF7B
__end_of_modulation                        mediumconst  00FF6B
__end_of_rxWindowOffset                    mediumconst  00FF73
__end_of_rxWindowSize                      mediumconst  00FF83
__end_of_spi2_configuration                mediumconst  00FFA8
__end_of_spreadingFactor                   mediumconst  00FF98
__end_of_txPower433                        mediumconst  00FF9E
__end_of_txPower868                        mediumconst  00FFA4
__initialization                           cinit        0003EE
__mediumconst                              mediumconst  00FE62
__pbssBANK0                                bssBANK0     000060
__pbssBANK1                                bssBANK1     000100
__pbssBANK2                                bssBANK2     000200
__pbssBANK3                                bssBANK3     000300
__pbssBIGRAM                               bssBIGRAM    0003A0
__pbssCOMRAM                               bssCOMRAM    00003C
__pcinit                                   cinit        0003EE
__pcstackBANK0                             cstackBANK0  0000DA
__pcstackCOMRAM                            cstackCOMRAM 000001
__pdataBANK0                               dataBANK0    0000BA
__pdataCOMRAM                              dataCOMRAM   000054
__pidataBANK0                              idataBANK0   0007E6
__pidataCOMRAM                             idataCOMRAM  0008C6
__pintcode                                 intcode      000008
__pmediumconst                             mediumconst  00FE62
__pnvBANK0                                 nvBANK0      0000CE
__ptext0                                   text0        00086A
__ptext1                                   text1        0007AE
__ptext10                                  text10       00081C
__ptext11                                  text11       0008DE
__ptext12                                  text12       0008E0
__ptext13                                  text13       00082C
__ptext14                                  text14       000880
__ptext15                                  text15       00083C
__ptext16                                  text16       00084C
__ptext17                                  text17       0008CA
__ptext18                                  text18       00059A
__ptext19                                  text19       00088A
__ptext2                                   text2        000710
__ptext20                                  text20       000894
__ptext21                                  text21       00089E
__ptext23                                  text23       0005D8
__ptext24                                  text24       000616
__ptext25                                  text25       0008E2
__ptext26                                  text26       000484
__ptext27                                  text27       0004E8
__ptext28                                  text28       00073C
__ptext29                                  text29       0002B4
__ptext3                                   text3        0007FA
__ptext30                                  text30       000134
__ptext31                                  text31       000768
__ptext32                                  text32       0007CC
__ptext33                                  text33       000648
__ptext34                                  text34       0008CE
__ptext35                                  text35       0008E4
__ptext36                                  text36       0008A8
__ptext37                                  text37       00067A
__ptext38                                  text38       0008D2
__ptext39                                  text39       0008E6
__ptext4                                   text4        000546
__ptext40                                  text40       0008B0
__ptext41                                  text41       0006AC
__ptext42                                  text42       0008D6
__ptext43                                  text43       0008E8
__ptext44                                  text44       0008B8
__ptext45                                  text45       0006DE
__ptext46                                  text46       0008DA
__ptext47                                  text47       0008EA
__ptext48                                  text48       000000
__ptext5                                   text5        00085C
__ptext6                                   text6        00078C
__ptext7                                   text7        00080C
__ptext8                                   text8        000876
__ptext9                                   text9        0008C0
__ramtop                                   ramtop       001000
__rcon                                     bssCOMRAM    000043
__roundCounter                             bssCOMRAM    000044
__size_of_DIO0_ISR_Lora                    (abs)        000000
__size_of_DIO0_ISR_Lora_Init               (abs)        000000
__size_of_DIO1_ISR_Lora                    (abs)        000000
__size_of_DIO1_ISR_Lora_Init               (abs)        000000
__size_of_DIO2_ISR_Lora                    (abs)        000000
__size_of_DIO2_ISR_Lora_Init               (abs)        000000
__size_of_DIO3_ISR_Lora_Init               (abs)        000000
__size_of_DIO4_ISR_Lora_Init               (abs)        000000
__size_of_DIO5_ISR_Lora                    (abs)        000000
__size_of_DIO5_ISR_Lora_Init               (abs)        000000
__size_of_EXT_INT_Initialize               (abs)        000000
__size_of_INT0_CallBack                    (abs)        000000
__size_of_INT0_DefaultInterruptHandler     (abs)        000000
__size_of_INT0_ISR                         (abs)        000000
__size_of_INT0_SetInterruptHandler         (abs)        000000
__size_of_INT1_CallBack                    (abs)        000000
__size_of_INT1_DefaultInterruptHandler     (abs)        000000
__size_of_INT1_ISR                         (abs)        000000
__size_of_INT1_SetInterruptHandler         (abs)        000000
__size_of_INT2_CallBack                    (abs)        000000
__size_of_INT2_DefaultInterruptHandler     (abs)        000000
__size_of_INT2_ISR                         (abs)        000000
__size_of_INT2_SetInterruptHandler         (abs)        000000
__size_of_INTERRUPT_Initialize             (abs)        000000
__size_of_INTERRUPT_InterruptManager       (abs)        000000
__size_of_IOCB4_DefaultInterruptHandler    (abs)        000000
__size_of_IOCB4_ISR                        (abs)        000000
__size_of_IOCB4_SetInterruptHandler        (abs)        000000
__size_of_LORAWAN_PlatformInit             (abs)        000000
__size_of_OSCILLATOR_Initialize            (abs)        000000
__size_of_PIN_MANAGER_IOC                  (abs)        000000
__size_of_PIN_MANAGER_Initialize           (abs)        000000
__size_of_SPI2_Initialize                  (abs)        000000
__size_of_SYSTEM_Initialize                (abs)        000000
__size_of_SwTimersInterrupt                (abs)        000000
__size_of_SystemTimerInit                  (abs)        000000
__size_of_TMR1_CallBack                    (abs)        000000
__size_of_TMR1_DefaultInterruptHandler     (abs)        000000
__size_of_TMR1_ISR                         (abs)        000000
__size_of_TMR1_Initialize                  (abs)        000000
__size_of_TMR1_ReadTimer                   (abs)        000000
__size_of_TMR1_SetInterruptHandler         (abs)        000000
__size_of_TMR1_WriteTimer                  (abs)        000000
__size_of_TMR_GetDeltaTime                 (abs)        000000
__size_of_TMR_ISR_Lora_Init                (abs)        000000
__size_of_TMR_ISR_lora                     (abs)        000000
__size_of_TMR_SwapTimer                    (abs)        000000
__size_of_main                             (abs)        000000
__smallconst                               smallconst   000000
_aesBuffer                                 bssBANK0     0000AA
_allocatedTimers                           bssCOMRAM    000045
_bandwidth                                 mediumconst  00FF8A
_dioStatus                                 bssCOMRAM    000047
_loRa                                      bssBANK1     000100
_localDioStatus                            bssCOMRAM    000042
_macBuffer                                 bssBIGRAM    0003A0
_macEndDevCmdReplyLen                      mediumconst  00FF83
_main                                      text0        00086A
_maxPayloadSize                            mediumconst  00FF73
_modulation                                mediumconst  00FF63
_radioBuffer                               bssBIGRAM    0004AF
_randx                                     dataBANK0    0000CA
_reloadVal                                 bssCOMRAM    000040
_rxPayload                                 bssCOMRAM    00003C
_rxWindowOffset                            mediumconst  00FF6B
_rxWindowSize                              mediumconst  00FF7B
_spi2_configuration                        mediumconst  00FFA4
_spreadingFactor                           mediumconst  00FF91
_swTimers                                  bssBANK3     000300
_ticksAccounted                            bssBANK0     000064
_ticksAdded                                bssBANK0     000068
_ticksToScheduledInterrupt                 dataCOMRAM   000054
_timer1ReloadVal                           nvBANK0      0000D0
_timerOverflow                             bssCOMRAM    000046
_txPower868                                mediumconst  00FF9E
btemp                                      temp         000048
end_of_initialization                      cinit        00047E
intlevel0                                  text         000000
intlevel1                                  text         000000
intlevel2                                  text         000000
intlevel3                                  text         000000
ltemp0                                     temp         000048
ltemp1                                     temp         00004C
ltemp2                                     temp         000050
stackhi                                    (abs)        000F37
stacklo                                    (abs)        0005BE
start                                      init         00012C
start_initialization                       cinit        0003EE
ttemp0                                     temp         000048
ttemp1                                     temp         00004B
ttemp2                                     temp         00004E
ttemp3                                     temp         000051
wtemp0                                     temp         000048
wtemp1                                     temp         00004A
wtemp2                                     temp         00004C
wtemp3                                     temp         00004E
wtemp4                                     temp         000050
wtemp5                                     temp         000052
wtemp6                                     temp         000049


FUNCTION INFORMATION:

 *************** function _main *****************
 Defined at:
		line 49 in file "main.c"
 Parameters:    Size  Location     Type
		None
 Auto vars:     Size  Location     Type
		None
 Return value:  Size  Location     Type
                  1    wreg      void 
 Registers used:
		wreg, status,2, status,0, cstack
 Tracked objects:
		On entry : 
		On exit  : 
		Unchanged: 
 Data sizes:     COMRAM   BANK0   BANK1   BANK2   BANK3   BANK4   BANK5   BANK6   BANK7   BANK8   BANK9  BANK10  BANK11  BANK12  BANK13  BANK14  BANK15
      Params:         0       0       0       0       0       0       0       0       0       0       0       0       0       0       0       0       0
      Locals:         0       0       0       0       0       0       0       0       0       0       0       0       0       0       0       0       0
      Temps:          0       0       0       0       0       0       0       0       0       0       0       0       0       0       0       0       0
      Totals:         0       0       0       0       0       0       0       0       0       0       0       0       0       0       0       0       0
Total ram usage:        0 bytes
 Hardware stack levels required when called:   11
 This function calls:
		_SYSTEM_Initialize
 This function is called by:
		Startup code after reset
 This function uses a non-reentrant model


 *************** function _SYSTEM_Initialize *****************
 Defined at:
		line 50 in file "mcc_generated_files/mcc.c"
 Parameters:    Size  Location     Type
		None
 Auto vars:     Size  Location     Type
		None
 Return value:  Size  Location     Type
                  1    wreg      void 
 Registers used:
		wreg, status,2, status,0, cstack
 Tracked objects:
		On entry : 
		On exit  : 
		Unchanged: 
 Data sizes:     COMRAM   BANK0   BANK1   BANK2   BANK3   BANK4   BANK5   BANK6   BANK7   BANK8   BANK9  BANK10  BANK11  BANK12  BANK13  BANK14  BANK15
      Params:         0       0       0       0       0       0       0       0       0       0       0       0       0       0       0       0       0
      Locals:         0       0       0       0       0       0       0       0       0       0       0       0       0       0       0       0       0
      Temps:          0       0       0       0       0       0       0       0       0       0       0       0       0       0       0       0       0
      Totals:         0       0       0       0       0       0       0       0       0       0       0       0       0       0       0       0       0
Total ram usage:        0 bytes
 Hardware stack levels used:    1
 Hardware stack levels required when called:   10
 This function calls:
		_EXT_INT_Initialize
		_INTERRUPT_Initialize
		_LORAWAN_PlatformInit
		_OSCILLATOR_Initialize
		_PIN_MANAGER_Initialize
		_SPI2_Initialize
		_TMR1_Initialize
 This function is called by:
		_main
 This function uses a non-reentrant model


 *************** function _TMR1_Initialize *****************
 Defined at:
		line 64 in file "mcc_generated_files/tmr1.c"
 Parameters:    Size  Location     Type
		None
 Auto vars:     Size  Location     Type
		None
 Return value:  Size  Location     Type
                  1    wreg      void 
 Registers used:
		wreg, status,2, status,0, cstack
 Tracked objects:
		On entry : 
		On exit  : 
		Unchanged: 
 Data sizes:     COMRAM   BANK0   BANK1   BANK2   BANK3   BANK4   BANK5   BANK6   BANK7   BANK8   BANK9  BANK10  BANK11  BANK12  BANK13  BANK14  BANK15
      Params:         0       0       0       0       0       0       0       0       0       0       0       0       0       0       0       0       0
      Locals:         0       0       0       0       0       0       0       0       0       0       0       0       0       0       0       0       0
      Temps:          0       0       0       0       0       0       0       0       0       0       0       0       0       0       0       0       0
      Totals:         0       0       0       0       0       0       0       0       0       0       0       0       0       0       0       0       0
Total ram usage:        0 bytes
 Hardware stack levels used:    1
 Hardware stack levels required when called:    8
 This function calls:
		_TMR1_SetInterruptHandler
 This function is called by:
		_SYSTEM_Initialize
 This function uses a non-reentrant model


 *************** function _SPI2_Initialize *****************
 Defined at:
		line 62 in file "mcc_generated_files/spi2.c"
 Parameters:    Size  Location     Type
		None
 Auto vars:     Size  Location     Type
		None
 Return value:  Size  Location     Type
                  1    wreg      void 
 Registers used:
		wreg, status,2
 Tracked objects:
		On entry : 
		On exit  : 
		Unchanged: 
 Data sizes:     COMRAM   BANK0   BANK1   BANK2   BANK3   BANK4   BANK5   BANK6   BANK7   BANK8   BANK9  BANK10  BANK11  BANK12  BANK13  BANK14  BANK15
      Params:         0       0       0       0       0       0       0       0       0       0       0       0       0       0       0       0       0
      Locals:         0       0       0       0       0       0       0       0       0       0       0       0       0       0       0       0       0
      Temps:          0       0       0       0       0       0       0       0       0       0       0       0       0       0       0       0       0
      Totals:         0       0       0       0       0       0       0       0       0       0       0       0       0       0       0       0       0
Total ram usage:        0 bytes
 Hardware stack levels used:    1
 Hardware stack levels required when called:    7
 This function calls:
		Nothing
 This function is called by:
		_SYSTEM_Initialize
 This function uses a non-reentrant model


 *************** function _PIN_MANAGER_Initialize *****************
 Defined at:
		line 57 in file "mcc_generated_files/pin_manager.c"
 Parameters:    Size  Location     Type
		None
 Auto vars:     Size  Location     Type
		None
 Return value:  Size  Location     Type
                  1    wreg      void 
 Registers used:
		wreg, status,2, status,0, cstack
 Tracked objects:
		On entry : 
		On exit  : 
		Unchanged: 
 Data sizes:     COMRAM   BANK0   BANK1   BANK2   BANK3   BANK4   BANK5   BANK6   BANK7   BANK8   BANK9  BANK10  BANK11  BANK12  BANK13  BANK14  BANK15
      Params:         0       0       0       0       0       0       0       0       0       0       0       0       0       0       0       0       0
      Locals:         0       0       0       0       0       0       0       0       0       0       0       0       0       0       0       0       0
      Temps:          0       0       0       0       0       0       0       0       0       0       0       0       0       0       0       0       0
      Totals:         0       0       0       0       0       0       0       0       0       0       0       0       0       0       0       0       0
Total ram usage:        0 bytes
 Hardware stack levels used:    1
 Hardware stack levels required when called:    8
 This function calls:
		_IOCB4_SetInterruptHandler
 This function is called by:
		_SYSTEM_Initialize
 This function uses a non-reentrant model


 *************** function _OSCILLATOR_Initialize *****************
 Defined at:
		line 62 in file "mcc_generated_files/mcc.c"
 Parameters:    Size  Location     Type
		None
 Auto vars:     Size  Location     Type
		None
 Return value:  Size  Location     Type
                  1    wreg      void 
 Registers used:
		wreg, status,2
 Tracked objects:
		On entry : 
		On exit  : 
		Unchanged: 
 Data sizes:     COMRAM   BANK0   BANK1   BANK2   BANK3   BANK4   BANK5   BANK6   BANK7   BANK8   BANK9  BANK10  BANK11  BANK12  BANK13  BANK14  BANK15
      Params:         0       0       0       0       0       0       0       0       0       0       0       0       0       0       0       0       0
      Locals:         0       0       0       0       0       0       0       0       0       0       0       0       0       0       0       0       0
      Temps:          0       0       0       0       0       0       0       0       0       0       0       0       0       0       0       0       0
      Totals:         0       0       0       0       0       0       0       0       0       0       0       0       0       0       0       0       0
Total ram usage:        0 bytes
 Hardware stack levels used:    1
 Hardware stack levels required when called:    7
 This function calls:
		Nothing
 This function is called by:
		_SYSTEM_Initialize
 This function uses a non-reentrant model


 *************** function _LORAWAN_PlatformInit *****************
 Defined at:
		line 72 in file "mcc_generated_files/LoRaWAN/lorawan_init.c"
 Parameters:    Size  Location     Type
		None
 Auto vars:     Size  Location     Type
		None
 Return value:  Size  Location     Type
                  1    wreg      void 
 Registers used:
		wreg, status,2, status,0, cstack
 Tracked objects:
		On entry : 
		On exit  : 
		Unchanged: 
 Data sizes:     COMRAM   BANK0   BANK1   BANK2   BANK3   BANK4   BANK5   BANK6   BANK7   BANK8   BANK9  BANK10  BANK11  BANK12  BANK13  BANK14  BANK15
      Params:         0       0       0       0       0       0       0       0       0       0       0       0       0       0       0       0       0
      Locals:         0       0       0       0       0       0       0       0       0       0       0       0       0       0       0       0       0
      Temps:          0       0       0       0       0       0       0       0       0       0       0       0       0       0       0       0       0
      Totals:         0       0       0       0       0       0       0       0       0       0       0       0       0       0       0       0       0
Total ram usage:        0 bytes
 Hardware stack levels used:    1
 Hardware stack levels required when called:    9
 This function calls:
		_DIO0_ISR_Lora_Init
		_DIO1_ISR_Lora_Init
		_DIO2_ISR_Lora_Init
		_DIO3_ISR_Lora_Init
		_DIO4_ISR_Lora_Init
		_DIO5_ISR_Lora_Init
		_SystemTimerInit
		_TMR_ISR_Lora_Init
 This function is called by:
		_SYSTEM_Initialize
 This function uses a non-reentrant model


 *************** function _TMR_ISR_Lora_Init *****************
 Defined at:
		line 54 in file "mcc_generated_files/LoRaWAN/tmr_lora_addons.c"
 Parameters:    Size  Location     Type
		None
 Auto vars:     Size  Location     Type
		None
 Return value:  Size  Location     Type
                  1    wreg      void 
 Registers used:
		wreg, status,2, status,0, cstack
 Tracked objects:
		On entry : 
		On exit  : 
		Unchanged: 
 Data sizes:     COMRAM   BANK0   BANK1   BANK2   BANK3   BANK4   BANK5   BANK6   BANK7   BANK8   BANK9  BANK10  BANK11  BANK12  BANK13  BANK14  BANK15
      Params:         0       0       0       0       0       0       0       0       0       0       0       0       0       0       0       0       0
      Locals:         0       0       0       0       0       0       0       0       0       0       0       0       0       0       0       0       0
      Temps:          0       0       0       0       0       0       0       0       0       0       0       0       0       0       0       0       0
      Totals:         0       0       0       0       0       0       0       0       0       0       0       0       0       0       0       0       0
Total ram usage:        0 bytes
 Hardware stack levels used:    1
 Hardware stack levels required when called:    8
 This function calls:
		_TMR1_SetInterruptHandler
 This function is called by:
		_LORAWAN_PlatformInit
 This function uses a non-reentrant model


 *************** function _TMR1_SetInterruptHandler *****************
 Defined at:
		line 186 in file "mcc_generated_files/tmr1.c"
 Parameters:    Size  Location     Type
  InterruptHan    2    0[BANK0 ] PTR FTN()void 
		 -> TMR1_DefaultInterruptHandler(1), TMR_ISR_lora(1), 
 Auto vars:     Size  Location     Type
		None
 Return value:  Size  Location     Type
                  1    wreg      void 
 Registers used:
		wreg, status,2, status,0
 Tracked objects:
		On entry : 
		On exit  : 
		Unchanged: 
 Data sizes:     COMRAM   BANK0   BANK1   BANK2   BANK3   BANK4   BANK5   BANK6   BANK7   BANK8   BANK9  BANK10  BANK11  BANK12  BANK13  BANK14  BANK15
      Params:         0       2       0       0       0       0       0       0       0       0       0       0       0       0       0       0       0
      Locals:         0       0       0       0       0       0       0       0       0       0       0       0       0       0       0       0       0
      Temps:          0       0       0       0       0       0       0       0       0       0       0       0       0       0       0       0       0
      Totals:         0       2       0       0       0       0       0       0       0       0       0       0       0       0       0       0       0
Total ram usage:        2 bytes
 Hardware stack levels used:    1
 Hardware stack levels required when called:    7
 This function calls:
		Nothing
 This function is called by:
		_TMR_ISR_Lora_Init
		_TMR1_Initialize
 This function uses a non-reentrant model


 *************** function _SystemTimerInit *****************
 Defined at:
		line 135 in file "mcc_generated_files/LoRaWAN/sw_timer.c"
 Parameters:    Size  Location     Type
		None
 Auto vars:     Size  Location     Type
		None
 Return value:  Size  Location     Type
                  1    wreg      void 
 Registers used:
		wreg, status,2
 Tracked objects:
		On entry : 
		On exit  : 
		Unchanged: 
 Data sizes:     COMRAM   BANK0   BANK1   BANK2   BANK3   BANK4   BANK5   BANK6   BANK7   BANK8   BANK9  BANK10  BANK11  BANK12  BANK13  BANK14  BANK15
      Params:         0       0       0       0       0       0       0       0       0       0       0       0       0       0       0       0       0
      Locals:         0       0       0       0       0       0       0       0       0       0       0       0       0       0       0       0       0
      Temps:          0       0       0       0       0       0       0       0       0       0       0       0       0       0       0       0       0
      Totals:         0       0       0       0       0       0       0       0       0       0       0       0       0       0       0       0       0
Total ram usage:        0 bytes
 Hardware stack levels used:    1
 Hardware stack levels required when called:    7
 This function calls:
		Nothing
 This function is called by:
		_LORAWAN_PlatformInit
 This function uses a non-reentrant model


 *************** function _DIO5_ISR_Lora_Init *****************
 Defined at:
		line 67 in file "mcc_generated_files/LoRaWAN/lorawan_init.c"
 Parameters:    Size  Location     Type
		None
 Auto vars:     Size  Location     Type
		None
 Return value:  Size  Location     Type
                  1    wreg      void 
 Registers used:
		wreg, status,2, status,0, cstack
 Tracked objects:
		On entry : 
		On exit  : 
		Unchanged: 
 Data sizes:     COMRAM   BANK0   BANK1   BANK2   BANK3   BANK4   BANK5   BANK6   BANK7   BANK8   BANK9  BANK10  BANK11  BANK12  BANK13  BANK14  BANK15
      Params:         0       0       0       0       0       0       0       0       0       0       0       0       0       0       0       0       0
      Locals:         0       0       0       0       0       0       0       0       0       0       0       0       0       0       0       0       0
      Temps:          0       0       0       0       0       0       0       0       0       0       0       0       0       0       0       0       0
      Totals:         0       0       0       0       0       0       0       0       0       0       0       0       0       0       0       0       0
Total ram usage:        0 bytes
 Hardware stack levels used:    1
 Hardware stack levels required when called:    8
 This function calls:
		_INT0_SetInterruptHandler
 This function is called by:
		_LORAWAN_PlatformInit
 This function uses a non-reentrant model


 *************** function _DIO4_ISR_Lora_Init *****************
 Defined at:
		line 63 in file "mcc_generated_files/LoRaWAN/lorawan_init.c"
 Parameters:    Size  Location     Type
		None
 Auto vars:     Size  Location     Type
		None
 Return value:  Size  Location     Type
                  1    wreg      void 
 Registers used:
		None
 Tracked objects:
		On entry : 
		On exit  : 
		Unchanged: 
 Data sizes:     COMRAM   BANK0   BANK1   BANK2   BANK3   BANK4   BANK5   BANK6   BANK7   BANK8   BANK9  BANK10  BANK11  BANK12  BANK13  BANK14  BANK15
      Params:         0       0       0       0       0       0       0       0       0       0       0       0       0       0       0       0       0
      Locals:         0       0       0       0       0       0       0       0       0       0       0       0       0       0       0       0       0
      Temps:          0       0       0       0       0       0       0       0       0       0       0       0       0       0       0       0       0
      Totals:         0       0       0       0       0       0       0       0       0       0       0       0       0       0       0       0       0
Total ram usage:        0 bytes
 Hardware stack levels used:    1
 Hardware stack levels required when called:    7
 This function calls:
		Nothing
 This function is called by:
		_LORAWAN_PlatformInit
 This function uses a non-reentrant model


 *************** function _DIO3_ISR_Lora_Init *****************
 Defined at:
		line 59 in file "mcc_generated_files/LoRaWAN/lorawan_init.c"
 Parameters:    Size  Location     Type
		None
 Auto vars:     Size  Location     Type
		None
 Return value:  Size  Location     Type
                  1    wreg      void 
 Registers used:
		None
 Tracked objects:
		On entry : 
		On exit  : 
		Unchanged: 
 Data sizes:     COMRAM   BANK0   BANK1   BANK2   BANK3   BANK4   BANK5   BANK6   BANK7   BANK8   BANK9  BANK10  BANK11  BANK12  BANK13  BANK14  BANK15
      Params:         0       0       0       0       0       0       0       0       0       0       0       0       0       0       0       0       0
      Locals:         0       0       0       0       0       0       0       0       0       0       0       0       0       0       0       0       0
      Temps:          0       0       0       0       0       0       0       0       0       0       0       0       0       0       0       0       0
      Totals:         0       0       0       0       0       0       0       0       0       0       0       0       0       0       0       0       0
Total ram usage:        0 bytes
 Hardware stack levels used:    1
 Hardware stack levels required when called:    7
 This function calls:
		Nothing
 This function is called by:
		_LORAWAN_PlatformInit
 This function uses a non-reentrant model


 *************** function _DIO2_ISR_Lora_Init *****************
 Defined at:
		line 54 in file "mcc_generated_files/LoRaWAN/lorawan_init.c"
 Parameters:    Size  Location     Type
		None
 Auto vars:     Size  Location     Type
		None
 Return value:  Size  Location     Type
                  1    wreg      void 
 Registers used:
		wreg, status,2, status,0, cstack
 Tracked objects:
		On entry : 
		On exit  : 
		Unchanged: 
 Data sizes:     COMRAM   BANK0   BANK1   BANK2   BANK3   BANK4   BANK5   BANK6   BANK7   BANK8   BANK9  BANK10  BANK11  BANK12  BANK13  BANK14  BANK15
      Params:         0       0       0       0       0       0       0       0       0       0       0       0       0       0       0       0       0
[...]
 This function is called by:
		_INTERRUPT_InterruptManager
 This function uses a non-reentrant model


 *************** function _INT2_CallBack *****************
 Defined at:
		line 95 in file "mcc_generated_files/ext_int.c"
 Parameters:    Size  Location     Type
		None
 Auto vars:     Size  Location     Type
		None
 Return value:  Size  Location     Type
                  1    wreg      void 
 Registers used:
		wreg, status,2, status,0, pclath, tosl, cstack
 Tracked objects:
		On entry : 
		On exit  : 
		Unchanged: 
 Data sizes:     COMRAM   BANK0   BANK1   BANK2   BANK3   BANK4   BANK5   BANK6   BANK7   BANK8   BANK9  BANK10  BANK11  BANK12  BANK13  BANK14  BANK15
      Params:         0       0       0       0       0       0       0       0       0       0       0       0       0       0       0       0       0
      Locals:         0       0       0       0       0       0       0       0       0       0       0       0       0       0       0       0       0
      Temps:          0       0       0       0       0       0       0       0       0       0       0       0       0       0       0       0       0
      Totals:         0       0       0       0       0       0       0       0       0       0       0       0       0       0       0       0       0
Total ram usage:        0 bytes
 Hardware stack levels used:    1
 Hardware stack levels required when called:    1
 This function calls:
		Absolute function
		_DIO1_ISR_Lora
		_INT2_DefaultInterruptHandler
 This function is called by:
		_INT2_ISR
 This function uses a non-reentrant model


 *************** function _DIO1_ISR_Lora *****************
 Defined at:
		line 68 in file "mcc_generated_files/LoRaWAN/interrupt_manager_lora_addons.c"
 Parameters:    Size  Location     Type
		None
 Auto vars:     Size  Location     Type
		None
 Return value:  Size  Location     Type
                  1    wreg      void 
 Registers used:
		status,2, status,0
 Tracked objects:
		On entry : 
		On exit  : 
		Unchanged: 
 Data sizes:     COMRAM   BANK0   BANK1   BANK2   BANK3   BANK4   BANK5   BANK6   BANK7   BANK8   BANK9  BANK10  BANK11  BANK12  BANK13  BANK14  BANK15
      Params:         0       0       0       0       0       0       0       0       0       0       0       0       0       0       0       0       0
      Locals:         0       0       0       0       0       0       0       0       0       0       0       0       0       0       0       0       0
      Temps:          0       0       0       0       0       0       0       0       0       0       0       0       0       0       0       0       0
      Totals:         0       0       0       0       0       0       0       0       0       0       0       0       0       0       0       0       0
Total ram usage:        0 bytes
 Hardware stack levels used:    1
 This function calls:
		Nothing
 This function is called by:
		_DIO1_ISR_Lora_Init
		_INT2_CallBack
 This function uses a non-reentrant model


 *************** function _INT2_DefaultInterruptHandler *****************
 Defined at:
		line 108 in file "mcc_generated_files/ext_int.c"
 Parameters:    Size  Location     Type
		None
 Auto vars:     Size  Location     Type
		None
 Return value:  Size  Location     Type
                  1    wreg      void 
 Registers used:
		None
 Tracked objects:
		On entry : 
		On exit  : 
		Unchanged: 
 Data sizes:     COMRAM   BANK0   BANK1   BANK2   BANK3   BANK4   BANK5   BANK6   BANK7   BANK8   BANK9  BANK10  BANK11  BANK12  BANK13  BANK14  BANK15
      Params:         0       0       0       0       0       0       0       0       0       0       0       0       0       0       0       0       0
      Locals:         0       0       0       0       0       0       0       0       0       0       0       0       0       0       0       0       0
      Temps:          0       0       0       0       0       0       0       0       0       0       0       0       0       0       0       0       0
      Totals:         0       0       0       0       0       0       0       0       0       0       0       0       0       0       0       0       0
Total ram usage:        0 bytes
 Hardware stack levels used:    1
 This function calls:
		Nothing
 This function is called by:
		_EXT_INT_Initialize
		_INT2_CallBack
 This function uses a non-reentrant model


 *************** function _INT1_ISR *****************
 Defined at:
		line 60 in file "mcc_generated_files/ext_int.c"
 Parameters:    Size  Location     Type
		None
 Auto vars:     Size  Location     Type
		None
 Return value:  Size  Location     Type
                  1    wreg      void 
 Registers used:
		wreg, status,2, status,0, pclath, tosl, cstack
 Tracked objects:
		On entry : 
		On exit  : 
		Unchanged: 
 Data sizes:     COMRAM   BANK0   BANK1   BANK2   BANK3   BANK4   BANK5   BANK6   BANK7   BANK8   BANK9  BANK10  BANK11  BANK12  BANK13  BANK14  BANK15
      Params:         0       0       0       0       0       0       0       0       0       0       0       0       0       0       0       0       0
      Locals:         0       0       0       0       0       0       0       0       0       0       0       0       0       0       0       0       0
      Temps:          0       0       0       0       0       0       0       0       0       0       0       0       0       0       0       0       0
      Totals:         0       0       0       0       0       0       0       0       0       0       0       0       0       0       0       0       0
Total ram usage:        0 bytes
 Hardware stack levels used:    1
 Hardware stack levels required when called:    2
 This function calls:
		_INT1_CallBack
 This function is called by:
		_INTERRUPT_InterruptManager
 This function uses a non-reentrant model


 *************** function _INT1_CallBack *****************
 Defined at:
		line 69 in file "mcc_generated_files/ext_int.c"
 Parameters:    Size  Location     Type
		None
 Auto vars:     Size  Location     Type
		None
 Return value:  Size  Location     Type
                  1    wreg      void 
 Registers used:
		wreg, status,2, status,0, pclath, tosl, cstack
 Tracked objects:
		On entry : 
		On exit  : 
		Unchanged: 
 Data sizes:     COMRAM   BANK0   BANK1   BANK2   BANK3   BANK4   BANK5   BANK6   BANK7   BANK8   BANK9  BANK10  BANK11  BANK12  BANK13  BANK14  BANK15
      Params:         0       0       0       0       0       0       0       0       0       0       0       0       0       0       0       0       0
      Locals:         0       0       0       0       0       0       0       0       0       0       0       0       0       0       0       0       0
      Temps:          0       0       0       0       0       0       0       0       0       0       0       0       0       0       0       0       0
      Totals:         0       0       0       0       0       0       0       0       0       0       0       0       0       0       0       0       0
Total ram usage:        0 bytes
 Hardware stack levels used:    1
 Hardware stack levels required when called:    1
 This function calls:
		Absolute function
		_DIO0_ISR_Lora
		_INT1_DefaultInterruptHandler
 This function is called by:
		_INT1_ISR
 This function uses a non-reentrant model


 *************** function _DIO0_ISR_Lora *****************
 Defined at:
		line 63 in file "mcc_generated_files/LoRaWAN/interrupt_manager_lora_addons.c"
 Parameters:    Size  Location     Type
		None
 Auto vars:     Size  Location     Type
		None
 Return value:  Size  Location     Type
                  1    wreg      void 
 Registers used:
		status,2, status,0
 Tracked objects:
		On entry : 
		On exit  : 
		Unchanged: 
 Data sizes:     COMRAM   BANK0   BANK1   BANK2   BANK3   BANK4   BANK5   BANK6   BANK7   BANK8   BANK9  BANK10  BANK11  BANK12  BANK13  BANK14  BANK15
      Params:         0       0       0       0       0       0       0       0       0       0       0       0       0       0       0       0       0
      Locals:         0       0       0       0       0       0       0       0       0       0       0       0       0       0       0       0       0
      Temps:          0       0       0       0       0       0       0       0       0       0       0       0       0       0       0       0       0
      Totals:         0       0       0       0       0       0       0       0       0       0       0       0       0       0       0       0       0
Total ram usage:        0 bytes
 Hardware stack levels used:    1
 This function calls:
		Nothing
 This function is called by:
		_DIO0_ISR_Lora_Init
		_INT1_CallBack
 This function uses a non-reentrant model


 *************** function _INT1_DefaultInterruptHandler *****************
 Defined at:
		line 82 in file "mcc_generated_files/ext_int.c"
 Parameters:    Size  Location     Type
		None
 Auto vars:     Size  Location     Type
		None
 Return value:  Size  Location     Type
                  1    wreg      void 
 Registers used:
		None
 Tracked objects:
		On entry : 
		On exit  : 
		Unchanged: 
 Data sizes:     COMRAM   BANK0   BANK1   BANK2   BANK3   BANK4   BANK5   BANK6   BANK7   BANK8   BANK9  BANK10  BANK11  BANK12  BANK13  BANK14  BANK15
      Params:         0       0       0       0       0       0       0       0       0       0       0       0       0       0       0       0       0
      Locals:         0       0       0       0       0       0       0       0       0       0       0       0       0       0       0       0       0
      Temps:          0       0       0       0       0       0       0       0       0       0       0       0       0       0       0       0       0
      Totals:         0       0       0       0       0       0       0       0       0       0       0       0       0       0       0       0       0
Total ram usage:        0 bytes
 Hardware stack levels used:    1
 This function calls:
		Nothing
 This function is called by:
		_EXT_INT_Initialize
		_INT1_CallBack
 This function uses a non-reentrant model


 *************** function _INT0_ISR *****************
 Defined at:
		line 34 in file "mcc_generated_files/ext_int.c"
 Parameters:    Size  Location     Type
		None
 Auto vars:     Size  Location     Type
		None
 Return value:  Size  Location     Type
                  1    wreg      void 
 Registers used:
		wreg, status,2, status,0, pclath, tosl, cstack
 Tracked objects:
		On entry : 
		On exit  : 
		Unchanged: 
 Data sizes:     COMRAM   BANK0   BANK1   BANK2   BANK3   BANK4   BANK5   BANK6   BANK7   BANK8   BANK9  BANK10  BANK11  BANK12  BANK13  BANK14  BANK15
      Params:         0       0       0       0       0       0       0       0       0       0       0       0       0       0       0       0       0
      Locals:         0       0       0       0       0       0       0       0       0       0       0       0       0       0       0       0       0
      Temps:          0       0       0       0       0       0       0       0       0       0       0       0       0       0       0       0       0
      Totals:         0       0       0       0       0       0       0       0       0       0       0       0       0       0       0       0       0
Total ram usage:        0 bytes
 Hardware stack levels used:    1
 Hardware stack levels required when called:    2
 This function calls:
		_INT0_CallBack
 This function is called by:
		_INTERRUPT_InterruptManager
 This function uses a non-reentrant model


 *************** function _INT0_CallBack *****************
 Defined at:
		line 43 in file "mcc_generated_files/ext_int.c"
 Parameters:    Size  Location     Type
		None
 Auto vars:     Size  Location     Type
		None
 Return value:  Size  Location     Type
                  1    wreg      void 
 Registers used:
		wreg, status,2, status,0, pclath, tosl, cstack
 Tracked objects:
		On entry : 
		On exit  : 
		Unchanged: 
 Data sizes:     COMRAM   BANK0   BANK1   BANK2   BANK3   BANK4   BANK5   BANK6   BANK7   BANK8   BANK9  BANK10  BANK11  BANK12  BANK13  BANK14  BANK15
      Params:         0       0       0       0       0       0       0       0       0       0       0       0       0       0       0       0       0
      Locals:         0       0       0       0       0       0       0       0       0       0       0       0       0       0       0       0       0
      Temps:          0       0       0       0       0       0       0       0       0       0       0       0       0       0       0       0       0
      Totals:         0       0       0       0       0       0       0       0       0       0       0       0       0       0       0       0       0
Total ram usage:        0 bytes
 Hardware stack levels used:    1
 Hardware stack levels required when called:    1
 This function calls:
		Absolute function
		_DIO5_ISR_Lora
		_INT0_DefaultInterruptHandler
 This function is called by:
		_INT0_ISR
 This function uses a non-reentrant model


 *************** function _DIO5_ISR_Lora *****************
 Defined at:
		line 88 in file "mcc_generated_files/LoRaWAN/interrupt_manager_lora_addons.c"
 Parameters:    Size  Location     Type
		None
 Auto vars:     Size  Location     Type
		None
 Return value:  Size  Location     Type
                  1    wreg      void 
 Registers used:
		status,2, status,0
 Tracked objects:
		On entry : 
		On exit  : 
		Unchanged: 
 Data sizes:     COMRAM   BANK0   BANK1   BANK2   BANK3   BANK4   BANK5   BANK6   BANK7   BANK8   BANK9  BANK10  BANK11  BANK12  BANK13  BANK14  BANK15
      Params:         0       0       0       0       0       0       0       0       0       0       0       0       0       0       0       0       0
      Locals:         0       0       0       0       0       0       0       0       0       0       0       0       0       0       0       0       0
      Temps:          0       0       0       0       0       0       0       0       0       0       0       0       0       0       0       0       0
      Totals:         0       0       0       0       0       0       0       0       0       0       0       0       0       0       0       0       0
Total ram usage:        0 bytes
 Hardware stack levels used:    1
 This function calls:
		Nothing
 This function is called by:
		_DIO5_ISR_Lora_Init
		_INT0_CallBack
 This function uses a non-reentrant model


 *************** function _INT0_DefaultInterruptHandler *****************
 Defined at:
		line 56 in file "mcc_generated_files/ext_int.c"
 Parameters:    Size  Location     Type
		None
 Auto vars:     Size  Location     Type
		None
 Return value:  Size  Location     Type
                  1    wreg      void 
 Registers used:
		None
 Tracked objects:
		On entry : 
		On exit  : 
		Unchanged: 
 Data sizes:     COMRAM   BANK0   BANK1   BANK2   BANK3   BANK4   BANK5   BANK6   BANK7   BANK8   BANK9  BANK10  BANK11  BANK12  BANK13  BANK14  BANK15
      Params:         0       0       0       0       0       0       0       0       0       0       0       0       0       0       0       0       0
      Locals:         0       0       0       0       0       0       0       0       0       0       0       0       0       0       0       0       0
      Temps:          0       0       0       0       0       0       0       0       0       0       0       0       0       0       0       0       0
      Totals:         0       0       0       0       0       0       0       0       0       0       0       0       0       0       0       0       0
Total ram usage:        0 bytes
 Hardware stack levels used:    1
 This function calls:
		Nothing
 This function is called by:
		_EXT_INT_Initialize
		_INT0_CallBack
 This function uses a non-reentrant model



MODULE INFORMATION

Module		Function		Class		Link	Load	Size
mcc_generated_files/LoRaWAN/interrupt_manager_lora_addons.c
		_DIO5_ISR_Lora 		CODE           	08DA	0000	5
		_DIO0_ISR_Lora 		CODE           	08D6	0000	5
		_DIO1_ISR_Lora 		CODE           	08D2	0000	5
		_DIO2_ISR_Lora 		CODE           	08CE	0000	5

mcc_generated_files/LoRaWAN/interrupt_manager_lora_addons.c estimated size: 20

mcc_generated_files/LoRaWAN/sw_timer.c
		_TMR_GetDeltaTime		CODE           	0134	0000	385
		_TMR_SwapTimer 		CODE           	04E8	0000	95
		_SwTimersInterrupt		CODE           	02B4	0000	315
		_SystemTimerInit		CODE           	08C0	0000	7

mcc_generated_files/LoRaWAN/sw_timer.c estimated size: 802

mcc_generated_files/interrupt_manager.c
		_INTERRUPT_Initialize		CODE           	08CA	0000	5
		_INTERRUPT_InterruptManager		CODE           	0008	0000	293

mcc_generated_files/interrupt_manager.c estimated size: 298

mcc_generated_files/pin_manager.c
		_IOCB4_DefaultInterruptHandler		CODE           	08E4	0000	3
		_PIN_MANAGER_Initialize		CODE           	0546	0000	85
		_PIN_MANAGER_IOC		CODE           	07CC	0000	27
		_IOCB4_SetInterruptHandler		CODE           	0880	0000	11
		_IOCB4_ISR     		CODE           	0648	0000	51

mcc_generated_files/pin_manager.c estimated size: 177

mcc_generated_files/LoRaWAN/lorawan_init.c
		_DIO0_ISR_Lora_Init		CODE           	084C	0000	17
		_DIO1_ISR_Lora_Init		CODE           	083C	0000	17
		_DIO2_ISR_Lora_Init		CODE           	082C	0000	17
		_DIO3_ISR_Lora_Init		CODE           	08E0	0000	3
		_DIO4_ISR_Lora_Init		CODE           	08DE	0000	3
		_LORAWAN_PlatformInit		CODE           	078C	0000	35
		_DIO5_ISR_Lora_Init		CODE           	081C	0000	17

mcc_generated_files/LoRaWAN/lorawan_init.c estimated size: 109

mcc_generated_files/ext_int.c
		_INT0_SetInterruptHandler		CODE           	089E	0000	11
		_INT1_SetInterruptHandler		CODE           	0894	0000	11
		_EXT_INT_Initialize		CODE           	059A	0000	63
		_INT2_SetInterruptHandler		CODE           	088A	0000	11
		_INT0_DefaultInterruptHandler		CODE           	08EA	0000	3
		_INT0_CallBack 		CODE           	06DE	0000	51
		_INT1_DefaultInterruptHandler		CODE           	08E8	0000	3
		_INT1_CallBack 		CODE           	06AC	0000	51
		_INT2_DefaultInterruptHandler		CODE           	08E6	0000	3
		_INT2_CallBack 		CODE           	067A	0000	51
		_INT0_ISR      		CODE           	08B8	0000	9
		_INT1_ISR      		CODE           	08B0	0000	9
		_INT2_ISR      		CODE           	08A8	0000	9

mcc_generated_files/ext_int.c estimated size: 285

mcc_generated_files/LoRaWAN/tmr_lora_addons.c
		_TMR_ISR_Lora_Init		CODE           	080C	0000	17
		_TMR_ISR_lora  		CODE           	0484	0000	101

mcc_generated_files/LoRaWAN/tmr_lora_addons.c estimated size: 118

shared
		_spreadingFactor		MEDIUMCONST    	FF91	0000	8
		_maxPayloadSize		MEDIUMCONST    	FF73	0000	9
		_DefaultChannels433		MEDIUMCONST    	FFA8	0000	43
		_FskSyncWordBuff		MEDIUMCONST    	FFFC	0000	4
		_rxWindowSize  		MEDIUMCONST    	FF7B	0000	9
		_DefaultChannels868		MEDIUMCONST    	FFD2	0000	43
		_macEndDevCmdReplyLen		MEDIUMCONST    	FF83	0000	8
		__initialization		CODE           	03EE	0000	145
		_txPower433    		MEDIUMCONST    	0000	0000	0
		_txPower868    		MEDIUMCONST    	FF9E	0000	7
		_rxWindowOffset		MEDIUMCONST    	FF6B	0000	9
		_STable        		MEDIUMCONST    	FE63	0000	257
		_modulation    		MEDIUMCONST    	FF63	0000	9
		_bandwidth     		MEDIUMCONST    	FF8A	0000	8
		_spi2_configuration		MEDIUMCONST    	FFA4	0000	5

shared estimated size: 564

mcc_generated_files/mcc.c
		_OSCILLATOR_Initialize		CODE           	085C	0000	15
		_SYSTEM_Initialize		CODE           	07AE	0000	31

mcc_generated_files/mcc.c estimated size: 46

mcc_generated_files/tmr1.c
		_TMR1_Initialize		CODE           	0710	0000	45
		_TMR1_SetInterruptHandler		CODE           	0876	0000	11
		_TMR1_DefaultInterruptHandler		CODE           	08E2	0000	3
		_TMR1_CallBack 		CODE           	0616	0000	51
		_TMR1_WriteTimer		CODE           	073C	0000	45
		_TMR1_ReadTimer		CODE           	0768	0000	37
		_TMR1_ISR      		CODE           	05D8	0000	63

mcc_generated_files/tmr1.c estimated size: 255

mcc_generated_files/spi2.c
		_SPI2_Initialize		CODE           	07FA	0000	19

mcc_generated_files/spi2.c estimated size: 19

main.c
		_main          		CODE           	086A	0000	13

main.c estimated size: 13

